<p>/scicore/home/sinnreic/kinter/openmodelica/rPCR_03/rPCR_03 -port=44703 -logFormat=xmltcp -override=startTime=0,stopTime=1800,stepSize=45,tolerance=1e-12,solver=dassl,outputFormat=csv,variableFilter=.* -r=/scicore/home/sinnreic/kinter/openmodelica/rPCR_03/rPCR_03_res.csv -clock=CPU -w -lv=LOG_STDOUT,LOG_ASSERT,LOG_STATS -inputPath=/scicore/home/sinnreic/kinter/openmodelica/rPCR_03 -outputPath=/scicore/home/sinnreic/kinter/openmodelica/rPCR_03</p>
LOG_SUCCESS		| info	 | <p>The initialization finished successfully without homotopy method.</p>
LOG_STATS		| info	 | <p>### STATISTICS ###</p>
|		| |	 | | <p>timer</p>
|		| |	 | | | <p>           0s          reading init.xml</p>
|		| |	 | | | <p> 4.14112e+06s          reading info.xml</p>
|		| |	 | | | <p> 5.37714e+06s [  0.7%] pre-initialization</p>
|		| |	 | | | <p>      603248s [  0.1%] initialization</p>
|		| |	 | | | <p> 2.65016e+07s [  3.3%] steps</p>
|		| |	 | | | <p> 1.91948e+08s [ 23.8%] solver (excl. callbacks)</p>
|		| |	 | | | <p> 4.81834e+07s [  6.0%] creating output-file</p>
|		| |	 | | | <p> 1.36329e+08s [ 16.9%] event-handling</p>
|		| |	 | | | <p>       36424s [  0.0%] overhead</p>
|		| |	 | | | <p> 3.97018e+08s [ 49.3%] simulation</p>
|		| |	 | | | <p> 8.05997e+08s [100.0%] total</p>
|		| |	 | | <p>events</p>
|		| |	 | | | <p>    2 state events</p>
|		| |	 | | | <p>   40 time events</p>
|		| |	 | | <p>solver: dassl</p>
|		| |	 | | | <p>23391 steps taken</p>
|		| |	 | | | <p>25769 calls of functionODE</p>
|		| |	 | | | <p> 1200 evaluations of jacobian</p>
|		| |	 | | | <p>   90 error test failures</p>
|		| |	 | | | <p>    0 convergence test failures</p>
|		| |	 | | | <p>2.33524e+08s time of jacobian evaluation</p>
LOG_SUCCESS		| info	 | <p>The simulation finished successfully.</p>
